Archive member included because of file (symbol)

c:/winavr-20100110/bin/../lib/gcc/avr/4.3.3/avr5\libgcc.a(_mulsi3.o)
                              ps2main.o (__mulsi3)
c:/winavr-20100110/bin/../lib/gcc/avr/4.3.3/avr5\libgcc.a(_udivmodqi4.o)
                              ps2main.o (__udivmodqi4)
c:/winavr-20100110/bin/../lib/gcc/avr/4.3.3/avr5\libgcc.a(_udivmodhi4.o)
                              led/ledM3.o (__udivmodhi4)
c:/winavr-20100110/bin/../lib/gcc/avr/4.3.3/avr5\libgcc.a(_divmodhi4.o)
                              ps2main.o (__divmodhi4)
c:/winavr-20100110/bin/../lib/gcc/avr/4.3.3/avr5\libgcc.a(_udivmodsi4.o)
                              ./avrlib/timer.o (__udivmodsi4)
c:/winavr-20100110/bin/../lib/gcc/avr/4.3.3/avr5\libgcc.a(_divmodsi4.o)
                              ps2main.o (__divmodsi4)
c:/winavr-20100110/bin/../lib/gcc/avr/4.3.3/avr5\libgcc.a(_exit.o)
                              c:/winavr-20100110/bin/../lib/gcc/avr/4.3.3/../../../../avr/lib/avr5/crtm32.o (exit)
c:/winavr-20100110/bin/../lib/gcc/avr/4.3.3/avr5\libgcc.a(_copy_data.o)
                              usbdrv/usbdrv.o (__do_copy_data)
c:/winavr-20100110/bin/../lib/gcc/avr/4.3.3/avr5\libgcc.a(_clear_bss.o)
                              usbdrv/usbdrv.o (__do_clear_bss)
c:/winavr-20100110/bin/../lib/gcc/avr/4.3.3/../../../../avr/lib/avr5\libc.a(memset.o)
                              usbmain.o (memset)
c:/winavr-20100110/bin/../lib/gcc/avr/4.3.3/../../../../avr/lib/avr5\libc.a(eerd_byte_atmega32.o)
                              matrix/matrix.o (__eerd_byte_m32)
c:/winavr-20100110/bin/../lib/gcc/avr/4.3.3/../../../../avr/lib/avr5\libc.a(eewr_byte_atmega32.o)
                              matrix/matrix.o (__eewr_byte_m32)

Allocating common symbols
Common symbol       size              file

usbTxBuf            0xb               usbdrv/usbdrv.o
LEDstate            0x1               led/ledM3.o
usbmode             0x1               main.o
svkeyidx            0x78              matrix/matrix.o
macrokeypushedcnt   0x2               matrix/matrix.o
MATRIX              0x18              matrix/matrix.o
extraReport         0x3               usbmain.o
usbTxStatus1        0xc               usbdrv/usbdrv.o
debounceMATRIX      0x78              matrix/matrix.o
Timer0Reg0          0x4               ./avrlib/timer.o
TimerPauseReg       0x4               ./avrlib/timer.o
lastState           0x1               ps2main.o
Timer2Reg0          0x4               ./avrlib/timer.o
curMATRIX           0x18              matrix/matrix.o
oldextraReport      0x3               usbmain.o
ledmodeIndex        0x1               led/ledM3.o
usbDeviceAddr       0x1               usbdrv/usbdrv.o
usbRxToken          0x1               usbdrv/usbdrv.o
usbInputBufOffset   0x1               usbdrv/usbdrv.o
KFLA                0x100             matrix/keymap.o
reportIndex         0x1               usbmain.o
lastSent            0x1               ps2main.o
m_state             0x1               ps2main.o
macroresetcnt       0x2               matrix/matrix.o
keylockcnt          0x2               matrix/matrix.o
usbMsgPtr           0x2               usbdrv/usbdrv.o
usbRxLen            0x1               usbdrv/usbdrv.o
kbd_state           0x1               keysta.o
usbNewDeviceAddr    0x1               usbdrv/usbdrv.o
matrixFN            0x4               matrix/matrix.o
usbCurrentTok       0x1               usbdrv/usbdrv.o
kbd_flags           0x1               keysta.o
usbConfiguration    0x1               usbdrv/usbdrv.o
usbRxBuf            0x16              usbdrv/usbdrv.o
usbTxStatus3        0xc               usbdrv/usbdrv.o
ledkeypushedcnt     0x2               matrix/matrix.o
winkeylockcnt       0x2               matrix/matrix.o

Memory Configuration

Name             Origin             Length             Attributes
text             0x00000000         0x00020000         xr
data             0x00800060         0x0000ffa0         rw !x
eeprom           0x00810000         0x00010000         rw !x
fuse             0x00820000         0x00000400         rw !x
lock             0x00830000         0x00000400         rw !x
signature        0x00840000         0x00000400         rw !x
*default*        0x00000000         0xffffffff

Linker script and memory map

LOAD c:/winavr-20100110/bin/../lib/gcc/avr/4.3.3/../../../../avr/lib/avr5/crtm32.o
LOAD usbdrv/usbdrvasm.o
LOAD usbdrv/usbdrv.o
LOAD usbdrv/oddebug.o
LOAD matrix/matrix.o
LOAD matrix/keymap.o
LOAD macro/macro.o
LOAD usbmain.o
LOAD ps2main.o
LOAD keysta.o
LOAD main.o
LOAD ./avrlib/timer.o
LOAD led/ledM3.o
Address of section .appinboot set to 0x7c00
LOAD c:/winavr-20100110/bin/../lib/gcc/avr/4.3.3/avr5\libgcc.a
LOAD c:/winavr-20100110/bin/../lib/gcc/avr/4.3.3/../../../../avr/lib/avr5\libc.a
LOAD c:/winavr-20100110/bin/../lib/gcc/avr/4.3.3/avr5\libgcc.a

.hash
 *(.hash)

.dynsym
 *(.dynsym)

.dynstr
 *(.dynstr)

.gnu.version
 *(.gnu.version)

.gnu.version_d
 *(.gnu.version_d)

.gnu.version_r
 *(.gnu.version_r)

.rel.init
 *(.rel.init)

.rela.init
 *(.rela.init)

.rel.text
 *(.rel.text)
 *(.rel.text.*)
 *(.rel.gnu.linkonce.t*)

.rela.text
 *(.rela.text)
 *(.rela.text.*)
 *(.rela.gnu.linkonce.t*)

.rel.fini
 *(.rel.fini)

.rela.fini
 *(.rela.fini)

.rel.rodata
 *(.rel.rodata)
 *(.rel.rodata.*)
 *(.rel.gnu.linkonce.r*)

.rela.rodata
 *(.rela.rodata)
 *(.rela.rodata.*)
 *(.rela.gnu.linkonce.r*)

.rel.data
 *(.rel.data)
 *(.rel.data.*)
 *(.rel.gnu.linkonce.d*)

.rela.data
 *(.rela.data)
 *(.rela.data.*)
 *(.rela.gnu.linkonce.d*)

.rel.ctors
 *(.rel.ctors)

.rela.ctors
 *(.rela.ctors)

.rel.dtors
 *(.rel.dtors)

.rela.dtors
 *(.rela.dtors)

.rel.got
 *(.rel.got)

.rela.got
 *(.rela.got)

.rel.bss
 *(.rel.bss)

.rela.bss
 *(.rela.bss)

.rel.plt
 *(.rel.plt)

.rela.plt
 *(.rela.plt)

.text           0x00000000     0x3dfc
 *(.vectors)
 .vectors       0x00000000       0x54 c:/winavr-20100110/bin/../lib/gcc/avr/4.3.3/../../../../avr/lib/avr5/crtm32.o
                0x00000000                __vectors
                0x00000000                __vector_default
 *(.vectors)
 *(.progmem.gcc*)
 .progmem.gcc_sw_table
                0x00000054       0xbe macro/macro.o
 *(.progmem*)
 .progmem.data  0x00000112       0x2e usbdrv/usbdrv.o
                0x0000012e                usbDescriptorDevice
                0x00000112                usbDescriptorString0
                0x00000116                usbDescriptorStringVendor
                0x00000124                usbDescriptorStringDevice
 .progmem.data  0x00000140      0x14a matrix/keymap.o
                0x0000024c                keycode_set2_extend
                0x00000140                keycode_set2
                0x00000240                keycode_set2_special
                0x00000248                keycode_set2_make_break
                0x00000244                keycode_set2_makeonly
                0x0000027a                keycode_set2_proc_shift
 .progmem.data  0x0000028a       0x50 macro/macro.o
                0x0000028a                macrostart
                0x0000029e                macroend
                0x000002b2                mresetstart
                0x000002c6                macroresetdone
 .progmem.data  0x000002da       0xfd usbmain.o
                0x0000039c                usbDescriptorConfiguration
                0x00000319                mouse_hid_report
                0x000002da                keyboard_hid_report
 .progmem.data  0x000003d7       0x1c ./avrlib/timer.o
                0x000003e3                TimerRTCPrescaleFactor
                0x000003d7                TimerPrescaleFactor
 .progmem.data  0x000003f3       0xf7 led/ledM3.o
                0x00000433                sledmode
                0x000003f3                ledstart
                0x00000413                ledend
                0x000004d3                line
                0x000004ab                sledblk
                0x000004ea                . = ALIGN (0x2)
                0x000004ea                __trampolines_start = .
 *(.trampolines)
 .trampolines   0x000004ea        0x0 linker stubs
 *(.trampolines*)
                0x000004ea                __trampolines_end = .
 *(.jumptables)
 *(.jumptables*)
 *(.lowtext)
 *(.lowtext*)
                0x000004ea                __ctors_start = .
 *(.ctors)
                0x000004ea                __ctors_end = .
                0x000004ea                __dtors_start = .
 *(.dtors)
                0x000004ea                __dtors_end = .
 SORT(*)(.ctors)
 SORT(*)(.dtors)
 *(.init0)
 .init0         0x000004ea        0x0 c:/winavr-20100110/bin/../lib/gcc/avr/4.3.3/../../../../avr/lib/avr5/crtm32.o
                0x000004ea                __init
 *(.init0)
 *(.init1)
 *(.init1)
 *(.init2)
 .init2         0x000004ea        0xc c:/winavr-20100110/bin/../lib/gcc/avr/4.3.3/../../../../avr/lib/avr5/crtm32.o
 *(.init2)
 *(.init3)
 *(.init3)
 *(.init4)
 .init4         0x000004f6       0x16 c:/winavr-20100110/bin/../lib/gcc/avr/4.3.3/avr5\libgcc.a(_copy_data.o)
                0x000004f6                __do_copy_data
 .init4         0x0000050c       0x10 c:/winavr-20100110/bin/../lib/gcc/avr/4.3.3/avr5\libgcc.a(_clear_bss.o)
                0x0000050c                __do_clear_bss
 *(.init4)
 *(.init5)
 *(.init5)
 *(.init6)
 *(.init6)
 *(.init7)
 *(.init7)
 *(.init8)
 *(.init8)
 *(.init9)
 .init9         0x0000051c        0x8 c:/winavr-20100110/bin/../lib/gcc/avr/4.3.3/../../../../avr/lib/avr5/crtm32.o
 *(.init9)
 *(.text)
 .text          0x00000524        0x4 c:/winavr-20100110/bin/../lib/gcc/avr/4.3.3/../../../../avr/lib/avr5/crtm32.o
                0x00000524                __vector_12
                0x00000524                __bad_interrupt
                0x00000524                __vector_3
                0x00000524                __vector_13
                0x00000524                __vector_17
                0x00000524                __vector_19
                0x00000524                __vector_2
                0x00000524                __vector_15
                0x00000524                __vector_14
                0x00000524                __vector_16
                0x00000524                __vector_18
                0x00000524                __vector_20
 .text          0x00000528      0x2bc usbdrv/usbdrvasm.o
                0x0000055a                __vector_1
                0x00000528                usbCrc16
                0x00000552                usbCrc16Append
 .text          0x000007e4      0x2a0 usbdrv/usbdrv.o
                0x00000806                usbPoll
                0x00000a70                usbSetInterrupt3
                0x00000a7a                usbSetInterrupt
                0x000007e4                usbInit
 .text          0x00000a84        0x0 usbdrv/oddebug.o
 .text          0x00000a84      0xb9e matrix/matrix.o
                0x00000a84                getLayer
                0x00000fac                processReleasedFNkeys
                0x00000bb6                cntKey
                0x00000dee                scanmatrix
                0x00001450                keymap_init
                0x000010e6                processPushedFNkeys
                0x00000b52                swap_key
                0x00000b9c                swap_save
                0x00001188                scankey
 .text          0x00001622        0x0 matrix/keymap.o
 .text          0x00001622      0x810 macro/macro.o
                0x00001846                usbSendReport
                0x00001a3a                resetMacro
                0x00001730                playMacroPS2
                0x00001890                clearKey
                0x00001702                flash_writeinpage
                0x00001b04                recordMacro
                0x00001700                getkey
                0x000019dc                sendString
                0x000018a2                sendKey
                0x0000191a                playMacroUSB
                0x00001a86                printModifier
                0x00001622                charToKey
 .text          0x00001e32      0x416 usbmain.o
                0x00001e32                usbFunctionDescriptor
                0x000020e8                clearReportBuffer
                0x0000211c                saveReportBuffer
                0x00001ea6                usbFunctionSetup
                0x00001f3a                bufcmp
                0x00001f64                cmpReportBuffer
                0x00002130                usbmain
                0x00002108                restoreReportBuffer
                0x00001f8a                buildHIDreports
                0x00002228                usbFunctionWrite
 .text          0x00002248      0x67e ps2main.o
                0x00002864                ps2main
                0x000023b0                putKey
                0x000024e2                processTX
                0x000024ca                tx_state
                0x000026e6                processRX
                0x00002326                clear
                0x000022d0                pop
                0x00002308                isEmpty
                0x00002248                push
 .text          0x000028c6      0x280 keysta.o
                0x000028e4                kbd_get_rx_char
                0x00002b14                kbd_init
                0x000028c6                kbd_set_tx
 .text          0x00002b46       0xd4 main.o
                0x00002b46                enable_printf
                0x00002b48                DPpullEn
                0x00002b7e                checkInterface
                0x00002bba                main
                0x00002b60                portInit
 .text          0x00002c1a      0x6dc ./avrlib/timer.o
                0x00002eae                timer2GetOverflowCount
                0x00002d4a                timerDetach
                0x00002cd2                timer1SetPrescaler
                0x00002f78                timer2PWMInit
                0x00002fa4                timer2PWMSet
                0x00002f6a                timer1PWMBOff
                0x00002d1a                timer2GetPrescaler
                0x00002cc0                timer2IntEnable
                0x00003242                __vector_6
                0x00002c7a                timer0Init
                0x00002f5c                timer1PWMAOff
                0x00002fae                timer1PWMBSet
                0x00002f88                timer2PWMOn
                0x00002fb4                __vector_11
                0x00002ef4                timer1PWMInitICR
                0x00002ce6                timer0GetPrescaler
                0x0000318e                __vector_7
                0x00002f96                timer2PWMOff
                0x00002e86                timer0GetOverflowCount
                0x000030b4                __vector_5
                0x00002c1c                timerInit
                0x00002cdc                timer2SetPrescaler
                0x00002f40                timer1PWMAOn
                0x00002cc8                timer0SetPrescaler
                0x00002c1a                delay_us
                0x0000329c                __vector_4
                0x00002e74                timer0ClearOverflowCount
                0x0000305a                __vector_9
                0x00002c96                timer1Init
                0x00002ec4                timer1PWMInit
                0x00002f4e                timer1PWMBOn
                0x00002ca4                timer2Init
                0x000031e8                __vector_8
                0x00002fa8                timer1PWMASet
                0x00002d34                timerAttach
                0x00002f1a                timer1PWMOff
                0x00003134                __vector_10
                0x00002d00                timer1GetPrescaler
                0x00002e9c                timer2ClearOverflowCount
                0x00002d60                timerPause
 .text          0x000032f6      0x9ac led/ledM3.o
                0x000033ec                led_fader
                0x00003884                led_blink
                0x00003684                led_3lockupdate
                0x00003330                led_pushed_level_cal
                0x0000332e                led_wave_set
                0x00003630                led_mode_change
                0x0000332c                led_wave_on
                0x000035f0                led_on
                0x000033a0                led_mode_save
                0x000037fa                led_check
                0x000032f6                led_off
                0x00003938                recordLED
                0x000033ae                led_wave_off
                0x00003758                led_mode_init
 .text          0x00003ca2        0x0 c:/winavr-20100110/bin/../lib/gcc/avr/4.3.3/avr5\libgcc.a(_mulsi3.o)
 .text          0x00003ca2        0x0 c:/winavr-20100110/bin/../lib/gcc/avr/4.3.3/avr5\libgcc.a(_udivmodqi4.o)
 .text          0x00003ca2        0x0 c:/winavr-20100110/bin/../lib/gcc/avr/4.3.3/avr5\libgcc.a(_udivmodhi4.o)
 .text          0x00003ca2        0x0 c:/winavr-20100110/bin/../lib/gcc/avr/4.3.3/avr5\libgcc.a(_divmodhi4.o)
 .text          0x00003ca2        0x0 c:/winavr-20100110/bin/../lib/gcc/avr/4.3.3/avr5\libgcc.a(_udivmodsi4.o)
 .text          0x00003ca2        0x0 c:/winavr-20100110/bin/../lib/gcc/avr/4.3.3/avr5\libgcc.a(_divmodsi4.o)
 .text          0x00003ca2        0x0 c:/winavr-20100110/bin/../lib/gcc/avr/4.3.3/avr5\libgcc.a(_exit.o)
 .text          0x00003ca2        0x0 c:/winavr-20100110/bin/../lib/gcc/avr/4.3.3/avr5\libgcc.a(_copy_data.o)
 .text          0x00003ca2        0x0 c:/winavr-20100110/bin/../lib/gcc/avr/4.3.3/avr5\libgcc.a(_clear_bss.o)
 .text          0x00003ca2        0x0 c:/winavr-20100110/bin/../lib/gcc/avr/4.3.3/../../../../avr/lib/avr5\libc.a(memset.o)
 .text          0x00003ca2        0x0 c:/winavr-20100110/bin/../lib/gcc/avr/4.3.3/../../../../avr/lib/avr5\libc.a(eerd_byte_atmega32.o)
 .text          0x00003ca2        0x0 c:/winavr-20100110/bin/../lib/gcc/avr/4.3.3/../../../../avr/lib/avr5\libc.a(eewr_byte_atmega32.o)
                0x00003ca2                . = ALIGN (0x2)
 *(.text.*)
 .text.libgcc   0x00003ca2       0x3e c:/winavr-20100110/bin/../lib/gcc/avr/4.3.3/avr5\libgcc.a(_mulsi3.o)
                0x00003ca2                __mulsi3
 .text.libgcc   0x00003ce0       0x18 c:/winavr-20100110/bin/../lib/gcc/avr/4.3.3/avr5\libgcc.a(_udivmodqi4.o)
                0x00003ce0                __udivmodqi4
 .text.libgcc   0x00003cf8       0x28 c:/winavr-20100110/bin/../lib/gcc/avr/4.3.3/avr5\libgcc.a(_udivmodhi4.o)
                0x00003cf8                __udivmodhi4
 .text.libgcc   0x00003d20       0x26 c:/winavr-20100110/bin/../lib/gcc/avr/4.3.3/avr5\libgcc.a(_divmodhi4.o)
                0x00003d20                __divmodhi4
                0x00003d20                _div
 .text.libgcc   0x00003d46       0x44 c:/winavr-20100110/bin/../lib/gcc/avr/4.3.3/avr5\libgcc.a(_udivmodsi4.o)
                0x00003d46                __udivmodsi4
 .text.libgcc   0x00003d8a       0x36 c:/winavr-20100110/bin/../lib/gcc/avr/4.3.3/avr5\libgcc.a(_divmodsi4.o)
                0x00003d8a                __divmodsi4
 .text.libgcc   0x00003dc0        0x0 c:/winavr-20100110/bin/../lib/gcc/avr/4.3.3/avr5\libgcc.a(_exit.o)
 .text.libgcc   0x00003dc0        0x0 c:/winavr-20100110/bin/../lib/gcc/avr/4.3.3/avr5\libgcc.a(_copy_data.o)
 .text.libgcc   0x00003dc0        0x0 c:/winavr-20100110/bin/../lib/gcc/avr/4.3.3/avr5\libgcc.a(_clear_bss.o)
 .text.avr-libc
                0x00003dc0        0xe c:/winavr-20100110/bin/../lib/gcc/avr/4.3.3/../../../../avr/lib/avr5\libc.a(memset.o)
                0x00003dc0                memset
 .text.avr-libc
                0x00003dce       0x10 c:/winavr-20100110/bin/../lib/gcc/avr/4.3.3/../../../../avr/lib/avr5\libc.a(eerd_byte_atmega32.o)
                0x00003dce                __eerd_byte_m32
 .text.avr-libc
                0x00003dde       0x1a c:/winavr-20100110/bin/../lib/gcc/avr/4.3.3/../../../../avr/lib/avr5\libc.a(eewr_byte_atmega32.o)
                0x00003de0                __eewr_r18_m32
                0x00003dde                __eewr_byte_m32
                0x00003df8                . = ALIGN (0x2)
 *(.fini9)
 .fini9         0x00003df8        0x0 c:/winavr-20100110/bin/../lib/gcc/avr/4.3.3/avr5\libgcc.a(_exit.o)
                0x00003df8                exit
                0x00003df8                _exit
 *(.fini9)
 *(.fini8)
 *(.fini8)
 *(.fini7)
 *(.fini7)
 *(.fini6)
 *(.fini6)
 *(.fini5)
 *(.fini5)
 *(.fini4)
 *(.fini4)
 *(.fini3)
 *(.fini3)
 *(.fini2)
 *(.fini2)
 *(.fini1)
 *(.fini1)
 *(.fini0)
 .fini0         0x00003df8        0x4 c:/winavr-20100110/bin/../lib/gcc/avr/4.3.3/avr5\libgcc.a(_exit.o)
 *(.fini0)
                0x00003dfc                _etext = .

.data           0x00800060       0xb0 load address 0x00003dfc
                0x00800060                PROVIDE (__data_start, .)
 *(.data)
 .data          0x00800060        0x0 c:/winavr-20100110/bin/../lib/gcc/avr/4.3.3/../../../../avr/lib/avr5/crtm32.o
 .data          0x00800060        0x0 usbdrv/usbdrvasm.o
 .data          0x00800060        0x2 usbdrv/usbdrv.o
                0x00800060                usbTxLen
 .data          0x00800062        0x0 usbdrv/oddebug.o
 .data          0x00800062       0x5c matrix/matrix.o
                0x00800063                swapAltGui
                0x00800062                swapCtrlCaps
                0x00800064                macrokeystring
 .data          0x008000be       0x10 matrix/keymap.o
                0x008000be                keymap
 .data          0x008000ce        0x2 macro/macro.o
 .data          0x008000d0       0x15 usbmain.o
                0x008000d0                Bootloader
                0x008000d2                modifierBitmap
 .data          0x008000e5        0x5 ps2main.o
 .data          0x008000ea        0x0 keysta.o
 .data          0x008000ea        0x0 main.o
 .data          0x008000ea        0x0 ./avrlib/timer.o
 .data          0x008000ea       0x25 led/ledM3.o
 .data          0x0080010f        0x0 c:/winavr-20100110/bin/../lib/gcc/avr/4.3.3/avr5\libgcc.a(_mulsi3.o)
 .data          0x0080010f        0x0 c:/winavr-20100110/bin/../lib/gcc/avr/4.3.3/avr5\libgcc.a(_udivmodqi4.o)
 .data          0x0080010f        0x0 c:/winavr-20100110/bin/../lib/gcc/avr/4.3.3/avr5\libgcc.a(_udivmodhi4.o)
 .data          0x0080010f        0x0 c:/winavr-20100110/bin/../lib/gcc/avr/4.3.3/avr5\libgcc.a(_divmodhi4.o)
 .data          0x0080010f        0x0 c:/winavr-20100110/bin/../lib/gcc/avr/4.3.3/avr5\libgcc.a(_udivmodsi4.o)
 .data          0x0080010f        0x0 c:/winavr-20100110/bin/../lib/gcc/avr/4.3.3/avr5\libgcc.a(_divmodsi4.o)
 .data          0x0080010f        0x0 c:/winavr-20100110/bin/../lib/gcc/avr/4.3.3/avr5\libgcc.a(_exit.o)
 .data          0x0080010f        0x0 c:/winavr-20100110/bin/../lib/gcc/avr/4.3.3/avr5\libgcc.a(_copy_data.o)
 .data          0x0080010f        0x0 c:/winavr-20100110/bin/../lib/gcc/avr/4.3.3/avr5\libgcc.a(_clear_bss.o)
 .data          0x0080010f        0x0 c:/winavr-20100110/bin/../lib/gcc/avr/4.3.3/../../../../avr/lib/avr5\libc.a(memset.o)
 .data          0x0080010f        0x0 c:/winavr-20100110/bin/../lib/gcc/avr/4.3.3/../../../../avr/lib/avr5\libc.a(eerd_byte_atmega32.o)
 .data          0x0080010f        0x0 c:/winavr-20100110/bin/../lib/gcc/avr/4.3.3/../../../../avr/lib/avr5\libc.a(eewr_byte_atmega32.o)
 *(.data*)
 *(.rodata)
 *(.rodata*)
 *(.gnu.linkonce.d*)
                0x00800110                . = ALIGN (0x2)
 *fill*         0x0080010f        0x1 00
                0x00800110                _edata = .
                0x00800110                PROVIDE (__data_end, .)

.bss            0x00800110      0x535
                0x00800110                PROVIDE (__bss_start, .)
 *(.bss)
 .bss           0x00800110        0x0 c:/winavr-20100110/bin/../lib/gcc/avr/4.3.3/../../../../avr/lib/avr5/crtm32.o
 .bss           0x00800110        0x0 usbdrv/usbdrvasm.o
 .bss           0x00800110        0x1 usbdrv/usbdrv.o
 .bss           0x00800111        0x0 usbdrv/oddebug.o
 .bss           0x00800111       0x12 matrix/matrix.o
                0x00800121                isLED3000
                0x00800116                kbdsleepmode
                0x00800122                isFNpushed
                0x0080011d                cntLAlt
                0x0080011f                cntLGui
                0x00800111                scankeycntms
                0x00800115                layer
                0x00800117                ledPortBackup
                0x00800119                cntLcaps
                0x00800118                keylock
                0x0080011b                cntLctrl
 .bss           0x00800123        0x0 matrix/keymap.o
 .bss           0x00800123      0x100 macro/macro.o
                0x00800123                macrobuffer
 .bss           0x00800223       0x14 usbmain.o
                0x00800223                interfaceReady
                0x00800225                usbRollOver
                0x00800224                expectReport
 .bss           0x00800237       0xdf ps2main.o
                0x00800237                txScanCode
 .bss           0x00800316        0x4 keysta.o
 .bss           0x0080031a        0x0 main.o
 .bss           0x0080031a       0x10 ./avrlib/timer.o
 .bss           0x0080032a       0x90 led/ledM3.o
                0x0080032a                ledmode
 .bss           0x008003ba        0x0 c:/winavr-20100110/bin/../lib/gcc/avr/4.3.3/avr5\libgcc.a(_mulsi3.o)
 .bss           0x008003ba        0x0 c:/winavr-20100110/bin/../lib/gcc/avr/4.3.3/avr5\libgcc.a(_udivmodqi4.o)
 .bss           0x008003ba        0x0 c:/winavr-20100110/bin/../lib/gcc/avr/4.3.3/avr5\libgcc.a(_udivmodhi4.o)
 .bss           0x008003ba        0x0 c:/winavr-20100110/bin/../lib/gcc/avr/4.3.3/avr5\libgcc.a(_divmodhi4.o)
 .bss           0x008003ba        0x0 c:/winavr-20100110/bin/../lib/gcc/avr/4.3.3/avr5\libgcc.a(_udivmodsi4.o)
 .bss           0x008003ba        0x0 c:/winavr-20100110/bin/../lib/gcc/avr/4.3.3/avr5\libgcc.a(_divmodsi4.o)
 .bss           0x008003ba        0x0 c:/winavr-20100110/bin/../lib/gcc/avr/4.3.3/avr5\libgcc.a(_exit.o)
 .bss           0x008003ba        0x0 c:/winavr-20100110/bin/../lib/gcc/avr/4.3.3/avr5\libgcc.a(_copy_data.o)
 .bss           0x008003ba        0x0 c:/winavr-20100110/bin/../lib/gcc/avr/4.3.3/avr5\libgcc.a(_clear_bss.o)
 .bss           0x008003ba        0x0 c:/winavr-20100110/bin/../lib/gcc/avr/4.3.3/../../../../avr/lib/avr5\libc.a(memset.o)
 .bss           0x008003ba        0x0 c:/winavr-20100110/bin/../lib/gcc/avr/4.3.3/../../../../avr/lib/avr5\libc.a(eerd_byte_atmega32.o)
 .bss           0x008003ba        0x0 c:/winavr-20100110/bin/../lib/gcc/avr/4.3.3/../../../../avr/lib/avr5\libc.a(eewr_byte_atmega32.o)
 *(.bss*)
 *(COMMON)
 COMMON         0x008003ba       0x42 usbdrv/usbdrv.o
                0x008003ba                usbTxBuf
                0x008003c5                usbTxStatus1
                0x008003d1                usbDeviceAddr
                0x008003d2                usbRxToken
                0x008003d3                usbInputBufOffset
                0x008003d4                usbMsgPtr
                0x008003d6                usbRxLen
                0x008003d7                usbNewDeviceAddr
                0x008003d8                usbCurrentTok
                0x008003d9                usbConfiguration
                0x008003da                usbRxBuf
                0x008003f0                usbTxStatus3
 COMMON         0x008003fc      0x12e matrix/matrix.o
                0x008003fc                svkeyidx
                0x00800474                macrokeypushedcnt
                0x00800476                MATRIX
                0x0080048e                debounceMATRIX
                0x00800506                curMATRIX
                0x0080051e                macroresetcnt
                0x00800520                keylockcnt
                0x00800522                matrixFN
                0x00800526                ledkeypushedcnt
                0x00800528                winkeylockcnt
 COMMON         0x0080052a      0x100 matrix/keymap.o
                0x0080052a                KFLA
 COMMON         0x0080062a        0x7 usbmain.o
                0x0080062a                extraReport
                0x0080062d                oldextraReport
                0x00800630                reportIndex
 COMMON         0x00800631        0x3 ps2main.o
                0x00800631                lastState
                0x00800632                lastSent
                0x00800633                m_state
 COMMON         0x00800634        0x2 keysta.o
                0x00800634                kbd_state
                0x00800635                kbd_flags
 COMMON         0x00800636        0x1 main.o
                0x00800636                usbmode
 COMMON         0x00800637        0xc ./avrlib/timer.o
                0x00800637                Timer0Reg0
                0x0080063b                TimerPauseReg
                0x0080063f                Timer2Reg0
 COMMON         0x00800643        0x2 led/ledM3.o
                0x00800643                LEDstate
                0x00800644                ledmodeIndex
                0x00800645                PROVIDE (__bss_end, .)
                0x00003dfc                __data_load_start = LOADADDR (.data)
                0x00003eac                __data_load_end = (__data_load_start + SIZEOF (.data))

.noinit         0x00800645        0x0
                0x00800645                PROVIDE (__noinit_start, .)
 *(.noinit*)
                0x00800645                PROVIDE (__noinit_end, .)
                0x00800645                _end = .
                0x00800645                PROVIDE (__heap_start, .)

.eeprom         0x00810000        0x0
 *(.eeprom*)
                0x00810000                __eeprom_end = .

.fuse
 *(.fuse)
 *(.lfuse)
 *(.hfuse)
 *(.efuse)

.lock
 *(.lock*)

.signature
 *(.signature*)

.stab
 *(.stab)

.stabstr
 *(.stabstr)

.stab.excl
 *(.stab.excl)

.stab.exclstr
 *(.stab.exclstr)

.stab.index
 *(.stab.index)

.stab.indexstr
 *(.stab.indexstr)

.comment
 *(.comment)

.debug
 *(.debug)

.line
 *(.line)

.debug_srcinfo
 *(.debug_srcinfo)

.debug_sfnames
 *(.debug_sfnames)

.debug_aranges  0x00000000      0x128
 *(.debug_aranges)
 .debug_aranges
                0x00000000       0x20 usbdrv/usbdrv.o
 .debug_aranges
                0x00000020       0x20 matrix/matrix.o
 .debug_aranges
                0x00000040       0x28 macro/macro.o
 .debug_aranges
                0x00000068       0x20 usbmain.o
 .debug_aranges
                0x00000088       0x20 ps2main.o
 .debug_aranges
                0x000000a8       0x20 keysta.o
 .debug_aranges
                0x000000c8       0x20 main.o
 .debug_aranges
                0x000000e8       0x20 ./avrlib/timer.o
 .debug_aranges
                0x00000108       0x20 led/ledM3.o

.debug_pubnames
                0x00000000      0xd63
 *(.debug_pubnames)
 .debug_pubnames
                0x00000000      0x197 usbdrv/usbdrv.o
 .debug_pubnames
                0x00000197      0x211 matrix/matrix.o
 .debug_pubnames
                0x000003a8       0xba matrix/keymap.o
 .debug_pubnames
                0x00000462      0x12b macro/macro.o
 .debug_pubnames
                0x0000058d      0x1ad usbmain.o
 .debug_pubnames
                0x0000073a       0xaf ps2main.o
 .debug_pubnames
                0x000007e9       0x5e keysta.o
 .debug_pubnames
                0x00000847       0x66 main.o
 .debug_pubnames
                0x000008ad      0x35a ./avrlib/timer.o
 .debug_pubnames
                0x00000c07      0x15c led/ledM3.o

.debug_info     0x00000000     0x64de
 *(.debug_info)
 .debug_info    0x00000000      0x902 usbdrv/usbdrv.o
 .debug_info    0x00000902       0x64 usbdrv/oddebug.o
 .debug_info    0x00000966     0x1089 matrix/matrix.o
 .debug_info    0x000019ef      0x170 matrix/keymap.o
 .debug_info    0x00001b5f     0x11fd macro/macro.o
 .debug_info    0x00002d5c      0xe37 usbmain.o
 .debug_info    0x00003b93      0xafb ps2main.o
 .debug_info    0x0000468e      0x32b keysta.o
 .debug_info    0x000049b9      0x282 main.o
 .debug_info    0x00004c3b      0x8e2 ./avrlib/timer.o
 .debug_info    0x0000551d      0xfc1 led/ledM3.o
 *(.gnu.linkonce.wi.*)

.debug_abbrev   0x00000000     0x14e2
 *(.debug_abbrev)
 .debug_abbrev  0x00000000      0x289 usbdrv/usbdrv.o
 .debug_abbrev  0x00000289       0x33 usbdrv/oddebug.o
 .debug_abbrev  0x000002bc      0x280 matrix/matrix.o
 .debug_abbrev  0x0000053c       0x6a matrix/keymap.o
 .debug_abbrev  0x000005a6      0x368 macro/macro.o
 .debug_abbrev  0x0000090e      0x2ef usbmain.o
 .debug_abbrev  0x00000bfd      0x1d2 ps2main.o
 .debug_abbrev  0x00000dcf       0xe8 keysta.o
 .debug_abbrev  0x00000eb7      0x155 main.o
 .debug_abbrev  0x0000100c      0x277 ./avrlib/timer.o
 .debug_abbrev  0x00001283      0x25f led/ledM3.o

.debug_line     0x00000000     0x34a8
 *(.debug_line)
 .debug_line    0x00000000      0x418 usbdrv/usbdrv.o
 .debug_line    0x00000418       0x3e usbdrv/oddebug.o
 .debug_line    0x00000456      0x823 matrix/matrix.o
 .debug_line    0x00000c79       0x8a matrix/keymap.o
 .debug_line    0x00000d03      0x8c2 macro/macro.o
 .debug_line    0x000015c5      0x4bd usbmain.o
 .debug_line    0x00001a82      0x5c9 ps2main.o
 .debug_line    0x0000204b      0x3d6 keysta.o
 .debug_line    0x00002421      0x274 main.o
 .debug_line    0x00002695      0x692 ./avrlib/timer.o
 .debug_line    0x00002d27      0x781 led/ledM3.o

.debug_frame    0x00000000      0x760
 *(.debug_frame)
 .debug_frame   0x00000000       0x60 usbdrv/usbdrv.o
 .debug_frame   0x00000060       0xa0 matrix/matrix.o
 .debug_frame   0x00000100       0xe0 macro/macro.o
 .debug_frame   0x000001e0       0xb0 usbmain.o
 .debug_frame   0x00000290       0xa0 ps2main.o
 .debug_frame   0x00000330       0x50 keysta.o
 .debug_frame   0x00000380       0x60 main.o
 .debug_frame   0x000003e0      0x290 ./avrlib/timer.o
 .debug_frame   0x00000670       0xf0 led/ledM3.o

.debug_str      0x00000000     0x1a51
 *(.debug_str)
 .debug_str     0x00000000      0x3d8 usbdrv/usbdrv.o
                                0x427 (size before relaxing)
 .debug_str     0x000003d8       0x11 usbdrv/oddebug.o
                                 0xae (size before relaxing)
 .debug_str     0x000003e9      0xa28 matrix/matrix.o
                                0xb3e (size before relaxing)
 .debug_str     0x00000e11       0x1d matrix/keymap.o
                                0x13d (size before relaxing)
 .debug_str     0x00000e2e      0x22f macro/macro.o
                                0xb7d (size before relaxing)
 .debug_str     0x0000105d      0x1b8 usbmain.o
                                0xaff (size before relaxing)
 .debug_str     0x00001215      0x10d ps2main.o
                                0x8d5 (size before relaxing)
 .debug_str     0x00001322      0x1b8 keysta.o
                                0x281 (size before relaxing)
 .debug_str     0x000014da       0x42 main.o
                                0x22a (size before relaxing)
 .debug_str     0x0000151c      0x329 ./avrlib/timer.o
                                0x40c (size before relaxing)
 .debug_str     0x00001845      0x20c led/ledM3.o
                                0xb3d (size before relaxing)

.debug_loc      0x00000000     0x1bcb
 *(.debug_loc)
 .debug_loc     0x00000000      0x3d0 usbdrv/usbdrv.o
 .debug_loc     0x000003d0      0x4dc matrix/matrix.o
 .debug_loc     0x000008ac      0x7b8 macro/macro.o
 .debug_loc     0x00001064      0x2e8 usbmain.o
 .debug_loc     0x0000134c      0x26b ps2main.o
 .debug_loc     0x000015b7       0x13 keysta.o
 .debug_loc     0x000015ca       0x52 main.o
 .debug_loc     0x0000161c      0x1a9 ./avrlib/timer.o
 .debug_loc     0x000017c5      0x406 led/ledM3.o

.debug_macinfo
 *(.debug_macinfo)
OUTPUT(SyryanEM7.elf elf32-avr)
LOAD linker stubs

.appinboot      0x00007c00       0x26
 .appinboot     0x00007c00       0x26 macro/macro.o
                0x00007c00                writepage

.debug_ranges   0x00000000      0x218
 .debug_ranges  0x00000000       0x50 usbdrv/usbdrv.o
 .debug_ranges  0x00000050       0x60 matrix/matrix.o
 .debug_ranges  0x000000b0      0x168 macro/macro.o

Cross Reference Table

Symbol                                            File
Bootloader                                        usbmain.o
DPpullEn                                          main.o
KFLA                                              ps2main.o
                                                  matrix/keymap.o
                                                  matrix/matrix.o
LEDstate                                          led/ledM3.o
                                                  ps2main.o
                                                  usbmain.o
                                                  matrix/matrix.o
MATRIX                                            led/ledM3.o
                                                  ps2main.o
                                                  macro/macro.o
                                                  matrix/matrix.o
Timer0Reg0                                        ./avrlib/timer.o
Timer2Reg0                                        ./avrlib/timer.o
TimerPauseReg                                     ./avrlib/timer.o
TimerPrescaleFactor                               ./avrlib/timer.o
TimerRTCPrescaleFactor                            ./avrlib/timer.o
__bad_interrupt                                   c:/winavr-20100110/bin/../lib/gcc/avr/4.3.3/../../../../avr/lib/avr5/crtm32.o
__bss_end                                         c:/winavr-20100110/bin/../lib/gcc/avr/4.3.3/avr5\libgcc.a(_clear_bss.o)
__bss_start                                       c:/winavr-20100110/bin/../lib/gcc/avr/4.3.3/avr5\libgcc.a(_clear_bss.o)
__data_end                                        c:/winavr-20100110/bin/../lib/gcc/avr/4.3.3/avr5\libgcc.a(_copy_data.o)
__data_load_start                                 c:/winavr-20100110/bin/../lib/gcc/avr/4.3.3/avr5\libgcc.a(_copy_data.o)
__data_start                                      c:/winavr-20100110/bin/../lib/gcc/avr/4.3.3/avr5\libgcc.a(_copy_data.o)
__divmodhi4                                       c:/winavr-20100110/bin/../lib/gcc/avr/4.3.3/avr5\libgcc.a(_divmodhi4.o)
                                                  led/ledM3.o
                                                  ps2main.o
__divmodsi4                                       c:/winavr-20100110/bin/../lib/gcc/avr/4.3.3/avr5\libgcc.a(_divmodsi4.o)
                                                  ps2main.o
__do_clear_bss                                    c:/winavr-20100110/bin/../lib/gcc/avr/4.3.3/avr5\libgcc.a(_clear_bss.o)
                                                  led/ledM3.o
                                                  ./avrlib/timer.o
                                                  main.o
                                                  keysta.o
                                                  ps2main.o
                                                  usbmain.o
                                                  macro/macro.o
                                                  matrix/keymap.o
                                                  matrix/matrix.o
                                                  usbdrv/usbdrv.o
__do_copy_data                                    c:/winavr-20100110/bin/../lib/gcc/avr/4.3.3/avr5\libgcc.a(_copy_data.o)
                                                  led/ledM3.o
                                                  ps2main.o
                                                  usbmain.o
                                                  macro/macro.o
                                                  matrix/keymap.o
                                                  matrix/matrix.o
                                                  usbdrv/usbdrv.o
__eerd_byte_m32                                   c:/winavr-20100110/bin/../lib/gcc/avr/4.3.3/../../../../avr/lib/avr5\libc.a(eerd_byte_atmega32.o)
                                                  led/ledM3.o
                                                  main.o
                                                  macro/macro.o
                                                  matrix/matrix.o
__eewr_byte_m32                                   c:/winavr-20100110/bin/../lib/gcc/avr/4.3.3/../../../../avr/lib/avr5\libc.a(eewr_byte_atmega32.o)
                                                  led/ledM3.o
                                                  main.o
                                                  macro/macro.o
                                                  matrix/matrix.o
__eewr_r18_m32                                    c:/winavr-20100110/bin/../lib/gcc/avr/4.3.3/../../../../avr/lib/avr5\libc.a(eewr_byte_atmega32.o)
__heap_end                                        c:/winavr-20100110/bin/../lib/gcc/avr/4.3.3/../../../../avr/lib/avr5/crtm32.o
__init                                            c:/winavr-20100110/bin/../lib/gcc/avr/4.3.3/../../../../avr/lib/avr5/crtm32.o
__mulsi3                                          c:/winavr-20100110/bin/../lib/gcc/avr/4.3.3/avr5\libgcc.a(_mulsi3.o)
                                                  ./avrlib/timer.o
                                                  ps2main.o
__stack                                           c:/winavr-20100110/bin/../lib/gcc/avr/4.3.3/../../../../avr/lib/avr5/crtm32.o
__udivmodhi4                                      c:/winavr-20100110/bin/../lib/gcc/avr/4.3.3/avr5\libgcc.a(_udivmodhi4.o)
                                                  c:/winavr-20100110/bin/../lib/gcc/avr/4.3.3/avr5\libgcc.a(_divmodhi4.o)
                                                  led/ledM3.o
__udivmodqi4                                      c:/winavr-20100110/bin/../lib/gcc/avr/4.3.3/avr5\libgcc.a(_udivmodqi4.o)
                                                  ps2main.o
__udivmodsi4                                      c:/winavr-20100110/bin/../lib/gcc/avr/4.3.3/avr5\libgcc.a(_udivmodsi4.o)
                                                  c:/winavr-20100110/bin/../lib/gcc/avr/4.3.3/avr5\libgcc.a(_divmodsi4.o)
                                                  ./avrlib/timer.o
__vector_1                                        usbdrv/usbdrvasm.o
                                                  c:/winavr-20100110/bin/../lib/gcc/avr/4.3.3/../../../../avr/lib/avr5/crtm32.o
__vector_10                                       ./avrlib/timer.o
                                                  c:/winavr-20100110/bin/../lib/gcc/avr/4.3.3/../../../../avr/lib/avr5/crtm32.o
__vector_11                                       ./avrlib/timer.o
                                                  c:/winavr-20100110/bin/../lib/gcc/avr/4.3.3/../../../../avr/lib/avr5/crtm32.o
__vector_12                                       c:/winavr-20100110/bin/../lib/gcc/avr/4.3.3/../../../../avr/lib/avr5/crtm32.o
__vector_13                                       c:/winavr-20100110/bin/../lib/gcc/avr/4.3.3/../../../../avr/lib/avr5/crtm32.o
__vector_14                                       c:/winavr-20100110/bin/../lib/gcc/avr/4.3.3/../../../../avr/lib/avr5/crtm32.o
__vector_15                                       c:/winavr-20100110/bin/../lib/gcc/avr/4.3.3/../../../../avr/lib/avr5/crtm32.o
__vector_16                                       c:/winavr-20100110/bin/../lib/gcc/avr/4.3.3/../../../../avr/lib/avr5/crtm32.o
__vector_17                                       c:/winavr-20100110/bin/../lib/gcc/avr/4.3.3/../../../../avr/lib/avr5/crtm32.o
__vector_18                                       c:/winavr-20100110/bin/../lib/gcc/avr/4.3.3/../../../../avr/lib/avr5/crtm32.o
__vector_19                                       c:/winavr-20100110/bin/../lib/gcc/avr/4.3.3/../../../../avr/lib/avr5/crtm32.o
__vector_2                                        c:/winavr-20100110/bin/../lib/gcc/avr/4.3.3/../../../../avr/lib/avr5/crtm32.o
__vector_20                                       c:/winavr-20100110/bin/../lib/gcc/avr/4.3.3/../../../../avr/lib/avr5/crtm32.o
__vector_3                                        c:/winavr-20100110/bin/../lib/gcc/avr/4.3.3/../../../../avr/lib/avr5/crtm32.o
__vector_4                                        ./avrlib/timer.o
                                                  c:/winavr-20100110/bin/../lib/gcc/avr/4.3.3/../../../../avr/lib/avr5/crtm32.o
__vector_5                                        ./avrlib/timer.o
                                                  c:/winavr-20100110/bin/../lib/gcc/avr/4.3.3/../../../../avr/lib/avr5/crtm32.o
__vector_6                                        ./avrlib/timer.o
                                                  c:/winavr-20100110/bin/../lib/gcc/avr/4.3.3/../../../../avr/lib/avr5/crtm32.o
__vector_7                                        ./avrlib/timer.o
                                                  c:/winavr-20100110/bin/../lib/gcc/avr/4.3.3/../../../../avr/lib/avr5/crtm32.o
__vector_8                                        ./avrlib/timer.o
                                                  c:/winavr-20100110/bin/../lib/gcc/avr/4.3.3/../../../../avr/lib/avr5/crtm32.o
__vector_9                                        ./avrlib/timer.o
                                                  c:/winavr-20100110/bin/../lib/gcc/avr/4.3.3/../../../../avr/lib/avr5/crtm32.o
__vector_default                                  c:/winavr-20100110/bin/../lib/gcc/avr/4.3.3/../../../../avr/lib/avr5/crtm32.o
__vectors                                         c:/winavr-20100110/bin/../lib/gcc/avr/4.3.3/../../../../avr/lib/avr5/crtm32.o
_div                                              c:/winavr-20100110/bin/../lib/gcc/avr/4.3.3/avr5\libgcc.a(_divmodhi4.o)
_exit                                             c:/winavr-20100110/bin/../lib/gcc/avr/4.3.3/avr5\libgcc.a(_exit.o)
bufcmp                                            usbmain.o
buildHIDreports                                   usbmain.o
                                                  matrix/matrix.o
charToKey                                         macro/macro.o
checkInterface                                    main.o
clear                                             ps2main.o
clearKey                                          macro/macro.o
clearReportBuffer                                 usbmain.o
                                                  matrix/matrix.o
cmpReportBuffer                                   usbmain.o
cntKey                                            matrix/matrix.o
                                                  macro/macro.o
cntLAlt                                           matrix/matrix.o
cntLGui                                           matrix/matrix.o
cntLcaps                                          matrix/matrix.o
cntLctrl                                          matrix/matrix.o
curMATRIX                                         led/ledM3.o
                                                  macro/macro.o
                                                  matrix/matrix.o
debounceMATRIX                                    led/ledM3.o
                                                  macro/macro.o
                                                  matrix/matrix.o
delay_us                                          ./avrlib/timer.o
enable_printf                                     main.o
exit                                              c:/winavr-20100110/bin/../lib/gcc/avr/4.3.3/avr5\libgcc.a(_exit.o)
                                                  c:/winavr-20100110/bin/../lib/gcc/avr/4.3.3/../../../../avr/lib/avr5/crtm32.o
expectReport                                      usbmain.o
extraReport                                       usbmain.o
flash_writeinpage                                 macro/macro.o
                                                  led/ledM3.o
getLayer                                          matrix/matrix.o
getkey                                            macro/macro.o
interfaceReady                                    usbmain.o
isEmpty                                           ps2main.o
isFNpushed                                        matrix/matrix.o
isLED3000                                         matrix/matrix.o
kbd_flags                                         keysta.o
                                                  ps2main.o
                                                  macro/macro.o
kbd_get_rx_char                                   keysta.o
                                                  ps2main.o
kbd_init                                          keysta.o
                                                  ps2main.o
kbd_set_tx                                        keysta.o
                                                  ps2main.o
kbd_state                                         keysta.o
kbdsleepmode                                      matrix/matrix.o
keyboard_hid_report                               usbmain.o
keycode_set2                                      matrix/keymap.o
                                                  ps2main.o
keycode_set2_extend                               matrix/keymap.o
                                                  matrix/matrix.o
keycode_set2_make_break                           matrix/keymap.o
                                                  matrix/matrix.o
keycode_set2_makeonly                             matrix/keymap.o
                                                  matrix/matrix.o
keycode_set2_proc_shift                           matrix/keymap.o
                                                  matrix/matrix.o
keycode_set2_special                              matrix/keymap.o
                                                  matrix/matrix.o
keylock                                           matrix/matrix.o
keylockcnt                                        matrix/matrix.o
keymap                                            matrix/keymap.o
                                                  led/ledM3.o
                                                  macro/macro.o
                                                  matrix/matrix.o
keymap_init                                       matrix/matrix.o
                                                  main.o
lastSent                                          ps2main.o
lastState                                         ps2main.o
layer                                             matrix/matrix.o
                                                  macro/macro.o
ledPortBackup                                     matrix/matrix.o
led_3lockupdate                                   led/ledM3.o
                                                  ps2main.o
                                                  usbmain.o
                                                  matrix/matrix.o
led_blink                                         led/ledM3.o
                                                  matrix/matrix.o
led_check                                         led/ledM3.o
                                                  main.o
                                                  ps2main.o
led_fader                                         led/ledM3.o
                                                  matrix/matrix.o
led_mode_change                                   led/ledM3.o
                                                  matrix/matrix.o
led_mode_init                                     led/ledM3.o
                                                  main.o
                                                  ps2main.o
                                                  macro/macro.o
                                                  matrix/matrix.o
led_mode_save                                     led/ledM3.o
                                                  matrix/matrix.o
led_off                                           led/ledM3.o
                                                  main.o
                                                  macro/macro.o
led_on                                            led/ledM3.o
                                                  main.o
                                                  macro/macro.o
led_pushed_level_cal                              led/ledM3.o
                                                  matrix/matrix.o
led_wave_off                                      led/ledM3.o
led_wave_on                                       led/ledM3.o
led_wave_set                                      led/ledM3.o
ledend                                            led/ledM3.o
ledkeypushedcnt                                   matrix/matrix.o
ledmode                                           led/ledM3.o
                                                  matrix/matrix.o
ledmodeIndex                                      led/ledM3.o
                                                  matrix/matrix.o
ledstart                                          led/ledM3.o
line                                              led/ledM3.o
m_state                                           ps2main.o
macrobuffer                                       macro/macro.o
macroend                                          macro/macro.o
macrokeypushedcnt                                 matrix/matrix.o
macrokeystring                                    matrix/matrix.o
macroresetcnt                                     matrix/matrix.o
macroresetdone                                    macro/macro.o
macrostart                                        macro/macro.o
main                                              main.o
                                                  c:/winavr-20100110/bin/../lib/gcc/avr/4.3.3/../../../../avr/lib/avr5/crtm32.o
matrixFN                                          matrix/matrix.o
memset                                            c:/winavr-20100110/bin/../lib/gcc/avr/4.3.3/../../../../avr/lib/avr5\libc.a(memset.o)
                                                  usbmain.o
modifierBitmap                                    usbmain.o
                                                  macro/macro.o
mouse_hid_report                                  usbmain.o
mresetstart                                       macro/macro.o
oldextraReport                                    usbmain.o
playMacroPS2                                      macro/macro.o
                                                  matrix/matrix.o
playMacroUSB                                      macro/macro.o
                                                  matrix/matrix.o
pop                                               ps2main.o
                                                  macro/macro.o
portInit                                          main.o
                                                  matrix/matrix.o
printModifier                                     macro/macro.o
processPushedFNkeys                               matrix/matrix.o
processRX                                         ps2main.o
processReleasedFNkeys                             matrix/matrix.o
processTX                                         ps2main.o
ps2main                                           ps2main.o
                                                  main.o
push                                              ps2main.o
putKey                                            ps2main.o
                                                  macro/macro.o
                                                  matrix/matrix.o
recordLED                                         led/ledM3.o
                                                  matrix/matrix.o
recordMacro                                       macro/macro.o
                                                  matrix/matrix.o
reportIndex                                       usbmain.o
resetMacro                                        macro/macro.o
                                                  matrix/matrix.o
restoreReportBuffer                               usbmain.o
saveReportBuffer                                  usbmain.o
scankey                                           matrix/matrix.o
                                                  ps2main.o
                                                  usbmain.o
scankeycntms                                      matrix/matrix.o
                                                  led/ledM3.o
scanmatrix                                        matrix/matrix.o
                                                  led/ledM3.o
                                                  macro/macro.o
sendKey                                           macro/macro.o
sendString                                        macro/macro.o
                                                  led/ledM3.o
sledblk                                           led/ledM3.o
sledmode                                          led/ledM3.o
svkeyidx                                          matrix/matrix.o
swapAltGui                                        matrix/matrix.o
                                                  usbmain.o
swapCtrlCaps                                      matrix/matrix.o
swap_key                                          matrix/matrix.o
swap_save                                         matrix/matrix.o
timer0ClearOverflowCount                          ./avrlib/timer.o
timer0GetOverflowCount                            ./avrlib/timer.o
timer0GetPrescaler                                ./avrlib/timer.o
timer0Init                                        ./avrlib/timer.o
                                                  keysta.o
timer0SetPrescaler                                ./avrlib/timer.o
                                                  keysta.o
timer1GetPrescaler                                ./avrlib/timer.o
timer1Init                                        ./avrlib/timer.o
timer1PWMAOff                                     ./avrlib/timer.o
                                                  led/ledM3.o
timer1PWMAOn                                      ./avrlib/timer.o
timer1PWMASet                                     ./avrlib/timer.o
timer1PWMBOff                                     ./avrlib/timer.o
                                                  led/ledM3.o
timer1PWMBOn                                      ./avrlib/timer.o
timer1PWMBSet                                     ./avrlib/timer.o
timer1PWMInit                                     ./avrlib/timer.o
timer1PWMInitICR                                  ./avrlib/timer.o
timer1PWMOff                                      ./avrlib/timer.o
timer1SetPrescaler                                ./avrlib/timer.o
timer2ClearOverflowCount                          ./avrlib/timer.o
timer2GetOverflowCount                            ./avrlib/timer.o
timer2GetPrescaler                                ./avrlib/timer.o
timer2Init                                        ./avrlib/timer.o
timer2IntEnable                                   ./avrlib/timer.o
timer2PWMInit                                     ./avrlib/timer.o
timer2PWMOff                                      ./avrlib/timer.o
                                                  led/ledM3.o
timer2PWMOn                                       ./avrlib/timer.o
timer2PWMSet                                      ./avrlib/timer.o
timer2SetPrescaler                                ./avrlib/timer.o
timerAttach                                       ./avrlib/timer.o
                                                  keysta.o
timerDetach                                       ./avrlib/timer.o
timerInit                                         ./avrlib/timer.o
timerPause                                        ./avrlib/timer.o
txScanCode                                        ps2main.o
tx_state                                          ps2main.o
                                                  macro/macro.o
usbConfiguration                                  usbdrv/usbdrv.o
usbCrc16                                          usbdrv/usbdrvasm.o
usbCrc16Append                                    usbdrv/usbdrvasm.o
                                                  usbdrv/usbdrv.o
usbCurrentTok                                     usbdrv/usbdrv.o
                                                  usbdrv/usbdrvasm.o
usbDescriptorConfiguration                        usbmain.o
usbDescriptorDevice                               usbdrv/usbdrv.o
usbDescriptorString0                              usbdrv/usbdrv.o
usbDescriptorStringDevice                         usbdrv/usbdrv.o
usbDescriptorStringVendor                         usbdrv/usbdrv.o
usbDeviceAddr                                     usbdrv/usbdrv.o
                                                  usbdrv/usbdrvasm.o
usbFunctionDescriptor                             usbmain.o
                                                  usbdrv/usbdrv.o
usbFunctionSetup                                  usbmain.o
                                                  usbdrv/usbdrv.o
usbFunctionWrite                                  usbmain.o
                                                  usbdrv/usbdrv.o
usbInit                                           usbdrv/usbdrv.o
                                                  usbmain.o
usbInputBufOffset                                 usbdrv/usbdrv.o
                                                  usbdrv/usbdrvasm.o
usbMsgPtr                                         usbmain.o
                                                  usbdrv/usbdrv.o
usbNewDeviceAddr                                  usbdrv/usbdrv.o
                                                  usbdrv/usbdrvasm.o
usbPoll                                           usbdrv/usbdrv.o
                                                  usbmain.o
usbRollOver                                       usbmain.o
usbRxBuf                                          usbdrv/usbdrv.o
                                                  usbdrv/usbdrvasm.o
usbRxLen                                          usbdrv/usbdrv.o
                                                  usbdrv/usbdrvasm.o
usbRxToken                                        usbdrv/usbdrv.o
                                                  usbdrv/usbdrvasm.o
usbSendReport                                     macro/macro.o
usbSetInterrupt                                   usbdrv/usbdrv.o
                                                  usbmain.o
                                                  macro/macro.o
usbSetInterrupt3                                  usbdrv/usbdrv.o
                                                  usbmain.o
usbTxBuf                                          usbdrv/usbdrv.o
                                                  usbdrv/usbdrvasm.o
usbTxLen                                          usbdrv/usbdrv.o
                                                  usbdrv/usbdrvasm.o
usbTxStatus1                                      usbmain.o
                                                  macro/macro.o
                                                  usbdrv/usbdrv.o
                                                  usbdrv/usbdrvasm.o
usbTxStatus3                                      usbmain.o
                                                  usbdrv/usbdrv.o
                                                  usbdrv/usbdrvasm.o
usbmain                                           usbmain.o
                                                  main.o
usbmode                                           main.o
                                                  macro/macro.o
                                                  matrix/matrix.o
winkeylockcnt                                     matrix/matrix.o
writepage                                         macro/macro.o
